INFO (2024-08-10 16:49:42,380): Тестируем файл на данные (Line: 16) [conftest.py]
INFO (2024-08-10 16:49:56,180): Тестируем файл на данные (Line: 16) [conftest.py]
INFO (2024-08-10 16:50:05,468): Тестируем файл на данные (Line: 16) [conftest.py]
INFO (2024-08-29 12:16:48,293): Тестируем файл на данные (Line: 16) [conftest.py]
INFO (2024-08-29 12:21:12,530): Тестируем файл на данные (Line: 16) [conftest.py]
INFO (2024-08-29 13:14:56,426): Тестируем файл на данные (Line: 17) [conftest.py]
INFO (2024-08-29 13:15:21,221): Тестируем файл на данные (Line: 17) [conftest.py]
INFO (2024-08-29 13:16:20,413): Тестируем файл на данные (Line: 17) [conftest.py]
INFO (2024-08-29 13:17:00,131): Тестируем файл на данные (Line: 17) [conftest.py]
